[2020-10-30T06:24:28.861-0900][gc,heap] Heap region size: 1M
[2020-10-30T06:24:28.861-0900][gc,heap,coops] Heap address: 0x00000007c0000000, size: 1024 MB, Compressed Oops mode: Zero based, Oop shift amount: 3
[2020-10-30T06:24:28.870-0900][gc           ] Using G1
[2020-10-30T06:24:28.870-0900][gc,cds       ] Mark closed archive regions in map: [0x00000007fff00000, 0x00000007fff7bff8]
[2020-10-30T06:24:28.870-0900][gc,cds       ] Mark open archive regions in map: [0x00000007ffe00000, 0x00000007ffe51ff8]
[2020-10-30T06:24:28.887-0900][gc           ] Periodic GC disabled
[2020-10-30T06:24:30.349-0900][gc,start     ] GC(0) Pause Young (Normal) (G1 Evacuation Pause)
[2020-10-30T06:24:30.349-0900][gc,task      ] GC(0) Using 4 workers of 4 for evacuation
[2020-10-30T06:24:30.358-0900][gc,phases    ] GC(0)   Pre Evacuate Collection Set: 0.1ms
[2020-10-30T06:24:30.358-0900][gc,phases    ] GC(0)   Merge Heap Roots: 0.0ms
[2020-10-30T06:24:30.358-0900][gc,phases    ] GC(0)   Evacuate Collection Set: 8.1ms
[2020-10-30T06:24:30.358-0900][gc,phases    ] GC(0)   Post Evacuate Collection Set: 0.5ms
[2020-10-30T06:24:30.358-0900][gc,phases    ] GC(0)   Other: 0.5ms
[2020-10-30T06:24:30.359-0900][gc,heap      ] GC(0) Eden regions: 51->0(44)
[2020-10-30T06:24:30.359-0900][gc,heap      ] GC(0) Survivor regions: 0->7(7)
[2020-10-30T06:24:30.359-0900][gc,heap      ] GC(0) Old regions: 0->0
[2020-10-30T06:24:30.359-0900][gc,heap      ] GC(0) Archive regions: 2->2
[2020-10-30T06:24:30.359-0900][gc,heap      ] GC(0) Humongous regions: 0->0
[2020-10-30T06:24:30.359-0900][gc,metaspace ] GC(0) Metaspace: 15257K(15872K)->15257K(15872K) NonClass: 13358K(13824K)->13358K(13824K) Class: 1898K(2048K)->1898K(2048K)
[2020-10-30T06:24:30.359-0900][gc           ] GC(0) Pause Young (Normal) (G1 Evacuation Pause) 51M->6M(1024M) 9.499ms
[2020-10-30T06:24:30.359-0900][gc,cpu       ] GC(0) User=0.02s Sys=0.00s Real=0.01s
[2020-10-30T06:24:30.975-0900][gc,start     ] GC(1) Pause Young (Concurrent Start) (Metadata GC Threshold)
[2020-10-30T06:24:30.975-0900][gc,task      ] GC(1) Using 4 workers of 4 for evacuation
[2020-10-30T06:24:30.981-0900][gc,phases    ] GC(1)   Pre Evacuate Collection Set: 0.1ms
[2020-10-30T06:24:30.981-0900][gc,phases    ] GC(1)   Merge Heap Roots: 0.0ms
[2020-10-30T06:24:30.981-0900][gc,phases    ] GC(1)   Evacuate Collection Set: 5.8ms
[2020-10-30T06:24:30.981-0900][gc,phases    ] GC(1)   Post Evacuate Collection Set: 0.3ms
[2020-10-30T06:24:30.981-0900][gc,phases    ] GC(1)   Other: 0.2ms
[2020-10-30T06:24:30.981-0900][gc,heap      ] GC(1) Eden regions: 24->0(49)
[2020-10-30T06:24:30.981-0900][gc,heap      ] GC(1) Survivor regions: 7->2(7)
[2020-10-30T06:24:30.981-0900][gc,heap      ] GC(1) Old regions: 0->6
[2020-10-30T06:24:30.981-0900][gc,heap      ] GC(1) Archive regions: 2->2
[2020-10-30T06:24:30.981-0900][gc,heap      ] GC(1) Humongous regions: 129->129
[2020-10-30T06:24:30.981-0900][gc,metaspace ] GC(1) Metaspace: 20690K(21248K)->20690K(21248K) NonClass: 18128K(18432K)->18128K(18432K) Class: 2562K(2816K)->2562K(2816K)
[2020-10-30T06:24:30.981-0900][gc           ] GC(1) Pause Young (Concurrent Start) (Metadata GC Threshold) 159M->137M(1024M) 6.494ms
[2020-10-30T06:24:30.981-0900][gc,cpu       ] GC(1) User=0.01s Sys=0.00s Real=0.01s
[2020-10-30T06:24:30.981-0900][gc           ] GC(2) Concurrent Cycle
[2020-10-30T06:24:30.981-0900][gc,marking   ] GC(2) Concurrent Clear Claimed Marks
[2020-10-30T06:24:30.982-0900][gc,marking   ] GC(2) Concurrent Clear Claimed Marks 0.094ms
[2020-10-30T06:24:30.982-0900][gc,marking   ] GC(2) Concurrent Scan Root Regions
[2020-10-30T06:24:30.986-0900][gc,marking   ] GC(2) Concurrent Scan Root Regions 4.574ms
[2020-10-30T06:24:30.986-0900][gc,marking   ] GC(2) Concurrent Mark (2.134s)
[2020-10-30T06:24:30.986-0900][gc,marking   ] GC(2) Concurrent Mark From Roots
[2020-10-30T06:24:30.986-0900][gc,task      ] GC(2) Using 1 workers of 1 for marking
[2020-10-30T06:24:30.988-0900][gc,marking   ] GC(2) Concurrent Mark From Roots 1.727ms
[2020-10-30T06:24:30.988-0900][gc,marking   ] GC(2) Concurrent Preclean
[2020-10-30T06:24:30.988-0900][gc,marking   ] GC(2) Concurrent Preclean 0.031ms
[2020-10-30T06:24:30.988-0900][gc,marking   ] GC(2) Concurrent Mark (2.134s, 2.136s) 1.865ms
[2020-10-30T06:24:30.988-0900][gc,start     ] GC(2) Pause Remark
[2020-10-30T06:24:30.989-0900][gc           ] GC(2) Pause Remark 138M->138M(1024M) 1.123ms
[2020-10-30T06:24:30.989-0900][gc,cpu       ] GC(2) User=0.01s Sys=0.00s Real=0.00s
[2020-10-30T06:24:30.989-0900][gc,marking   ] GC(2) Concurrent Rebuild Remembered Sets
[2020-10-30T06:24:30.994-0900][gc,marking   ] GC(2) Concurrent Rebuild Remembered Sets 4.414ms
[2020-10-30T06:24:30.994-0900][gc,start     ] GC(2) Pause Cleanup
[2020-10-30T06:24:30.994-0900][gc           ] GC(2) Pause Cleanup 138M->138M(1024M) 0.143ms
[2020-10-30T06:24:30.994-0900][gc,cpu       ] GC(2) User=0.00s Sys=0.00s Real=0.00s
[2020-10-30T06:24:30.994-0900][gc,marking   ] GC(2) Concurrent Cleanup for Next Mark
[2020-10-30T06:24:31.003-0900][gc,marking   ] GC(2) Concurrent Cleanup for Next Mark 8.980ms
[2020-10-30T06:24:31.003-0900][gc           ] GC(2) Concurrent Cycle 22.005ms
[2020-10-30T06:24:31.709-0900][gc,start     ] GC(3) Pause Young (Normal) (G1 Evacuation Pause)
[2020-10-30T06:24:31.709-0900][gc,task      ] GC(3) Using 4 workers of 4 for evacuation
[2020-10-30T06:24:31.714-0900][gc,phases    ] GC(3)   Pre Evacuate Collection Set: 0.1ms
[2020-10-30T06:24:31.714-0900][gc,phases    ] GC(3)   Merge Heap Roots: 0.1ms
[2020-10-30T06:24:31.714-0900][gc,phases    ] GC(3)   Evacuate Collection Set: 4.3ms
[2020-10-30T06:24:31.714-0900][gc,phases    ] GC(3)   Post Evacuate Collection Set: 0.3ms
[2020-10-30T06:24:31.714-0900][gc,phases    ] GC(3)   Other: 0.1ms
[2020-10-30T06:24:31.714-0900][gc,heap      ] GC(3) Eden regions: 49->0(46)
[2020-10-30T06:24:31.714-0900][gc,heap      ] GC(3) Survivor regions: 2->5(7)
[2020-10-30T06:24:31.714-0900][gc,heap      ] GC(3) Old regions: 6->6
[2020-10-30T06:24:31.714-0900][gc,heap      ] GC(3) Archive regions: 2->2
[2020-10-30T06:24:31.714-0900][gc,heap      ] GC(3) Humongous regions: 129->129
[2020-10-30T06:24:31.714-0900][gc,metaspace ] GC(3) Metaspace: 30250K(31484K)->30250K(31484K) NonClass: 26825K(27648K)->26825K(27648K) Class: 3425K(3836K)->3425K(3836K)
[2020-10-30T06:24:31.714-0900][gc           ] GC(3) Pause Young (Normal) (G1 Evacuation Pause) 186M->140M(1024M) 5.016ms
[2020-10-30T06:24:31.714-0900][gc,cpu       ] GC(3) User=0.02s Sys=0.00s Real=0.01s
[2020-10-30T06:25:34.189-0900][gc,start     ] GC(4) Pause Young (Concurrent Start) (Metadata GC Threshold)
[2020-10-30T06:25:34.189-0900][gc,task      ] GC(4) Using 4 workers of 4 for evacuation
[2020-10-30T06:25:34.196-0900][gc,phases    ] GC(4)   Pre Evacuate Collection Set: 0.1ms
[2020-10-30T06:25:34.196-0900][gc,phases    ] GC(4)   Merge Heap Roots: 0.0ms
[2020-10-30T06:25:34.196-0900][gc,phases    ] GC(4)   Evacuate Collection Set: 6.5ms
[2020-10-30T06:25:34.196-0900][gc,phases    ] GC(4)   Post Evacuate Collection Set: 0.3ms
[2020-10-30T06:25:34.196-0900][gc,phases    ] GC(4)   Other: 0.2ms
[2020-10-30T06:25:34.196-0900][gc,heap      ] GC(4) Eden regions: 20->0(46)
[2020-10-30T06:25:34.196-0900][gc,heap      ] GC(4) Survivor regions: 5->5(7)
[2020-10-30T06:25:34.196-0900][gc,heap      ] GC(4) Old regions: 6->8
[2020-10-30T06:25:34.196-0900][gc,heap      ] GC(4) Archive regions: 2->2
[2020-10-30T06:25:34.196-0900][gc,heap      ] GC(4) Humongous regions: 129->129
[2020-10-30T06:25:34.196-0900][gc,metaspace ] GC(4) Metaspace: 34688K(36048K)->34688K(36048K) NonClass: 30540K(31232K)->30540K(31232K) Class: 4148K(4816K)->4148K(4816K)
[2020-10-30T06:25:34.196-0900][gc           ] GC(4) Pause Young (Concurrent Start) (Metadata GC Threshold) 160M->141M(1024M) 7.349ms
[2020-10-30T06:25:34.196-0900][gc,cpu       ] GC(4) User=0.02s Sys=0.00s Real=0.01s
[2020-10-30T06:25:34.196-0900][gc           ] GC(5) Concurrent Cycle
[2020-10-30T06:25:34.196-0900][gc,marking   ] GC(5) Concurrent Clear Claimed Marks
[2020-10-30T06:25:34.196-0900][gc,marking   ] GC(5) Concurrent Clear Claimed Marks 0.095ms
[2020-10-30T06:25:34.196-0900][gc,marking   ] GC(5) Concurrent Scan Root Regions
[2020-10-30T06:25:34.201-0900][gc,marking   ] GC(5) Concurrent Scan Root Regions 5.060ms
[2020-10-30T06:25:34.202-0900][gc,marking   ] GC(5) Concurrent Mark (65.349s)
[2020-10-30T06:25:34.202-0900][gc,marking   ] GC(5) Concurrent Mark From Roots
[2020-10-30T06:25:34.202-0900][gc,task      ] GC(5) Using 1 workers of 1 for marking
[2020-10-30T06:25:34.213-0900][gc,marking   ] GC(5) Concurrent Mark From Roots 11.600ms
[2020-10-30T06:25:34.213-0900][gc,marking   ] GC(5) Concurrent Preclean
[2020-10-30T06:25:34.213-0900][gc,marking   ] GC(5) Concurrent Preclean 0.070ms
[2020-10-30T06:25:34.213-0900][gc,marking   ] GC(5) Concurrent Mark (65.349s, 65.361s) 11.770ms
[2020-10-30T06:25:34.213-0900][gc,start     ] GC(5) Pause Remark
[2020-10-30T06:25:34.215-0900][gc           ] GC(5) Pause Remark 142M->142M(1024M) 1.751ms
[2020-10-30T06:25:34.215-0900][gc,cpu       ] GC(5) User=0.01s Sys=0.00s Real=0.00s
[2020-10-30T06:25:34.215-0900][gc,marking   ] GC(5) Concurrent Rebuild Remembered Sets
[2020-10-30T06:25:34.222-0900][gc,marking   ] GC(5) Concurrent Rebuild Remembered Sets 6.855ms
[2020-10-30T06:25:34.222-0900][gc,start     ] GC(5) Pause Cleanup
[2020-10-30T06:25:34.223-0900][gc           ] GC(5) Pause Cleanup 143M->143M(1024M) 0.105ms
[2020-10-30T06:25:34.223-0900][gc,cpu       ] GC(5) User=0.00s Sys=0.00s Real=0.00s
[2020-10-30T06:25:34.223-0900][gc,marking   ] GC(5) Concurrent Cleanup for Next Mark
[2020-10-30T06:25:34.233-0900][gc,marking   ] GC(5) Concurrent Cleanup for Next Mark 10.896ms
[2020-10-30T06:25:34.233-0900][gc           ] GC(5) Concurrent Cycle 37.239ms
[2020-10-30T06:31:41.167-0900][gc,start     ] GC(6) Pause Young (Normal) (G1 Evacuation Pause)
[2020-10-30T06:31:41.167-0900][gc,task      ] GC(6) Using 4 workers of 4 for evacuation
[2020-10-30T06:31:41.179-0900][gc,phases    ] GC(6)   Pre Evacuate Collection Set: 0.1ms
[2020-10-30T06:31:41.179-0900][gc,phases    ] GC(6)   Merge Heap Roots: 0.1ms
[2020-10-30T06:31:41.179-0900][gc,phases    ] GC(6)   Evacuate Collection Set: 10.1ms
[2020-10-30T06:31:41.179-0900][gc,phases    ] GC(6)   Post Evacuate Collection Set: 1.4ms
[2020-10-30T06:31:41.179-0900][gc,phases    ] GC(6)   Other: 0.5ms
[2020-10-30T06:31:41.179-0900][gc,heap      ] GC(6) Eden regions: 46->0(47)
[2020-10-30T06:31:41.179-0900][gc,heap      ] GC(6) Survivor regions: 5->4(7)
[2020-10-30T06:31:41.179-0900][gc,heap      ] GC(6) Old regions: 8->11
[2020-10-30T06:31:41.179-0900][gc,heap      ] GC(6) Archive regions: 2->2
[2020-10-30T06:31:41.179-0900][gc,heap      ] GC(6) Humongous regions: 129->129
[2020-10-30T06:31:41.179-0900][gc,metaspace ] GC(6) Metaspace: 38754K(40860K)->38754K(40860K) NonClass: 33943K(35072K)->33943K(35072K) Class: 4810K(5788K)->4810K(5788K)
[2020-10-30T06:31:41.179-0900][gc           ] GC(6) Pause Young (Normal) (G1 Evacuation Pause) 187M->144M(1024M) 12.380ms
[2020-10-30T06:31:41.179-0900][gc,cpu       ] GC(6) User=0.03s Sys=0.00s Real=0.01s
[2020-10-30T07:05:00.807-0900][gc,start     ] GC(7) Pause Young (Normal) (G1 Evacuation Pause)
[2020-10-30T07:05:00.808-0900][gc,task      ] GC(7) Using 4 workers of 4 for evacuation
[2020-10-30T07:05:00.865-0900][gc,mmu       ] GC(7) MMU target violated: 21.0ms (20.0ms/21.0ms)
[2020-10-30T07:05:00.865-0900][gc,phases    ] GC(7)   Pre Evacuate Collection Set: 12.0ms
[2020-10-30T07:05:00.865-0900][gc,phases    ] GC(7)   Merge Heap Roots: 2.8ms
[2020-10-30T07:05:00.865-0900][gc,phases    ] GC(7)   Evacuate Collection Set: 37.3ms
[2020-10-30T07:05:00.865-0900][gc,phases    ] GC(7)   Post Evacuate Collection Set: 2.9ms
[2020-10-30T07:05:00.865-0900][gc,phases    ] GC(7)   Other: 5.7ms
[2020-10-30T07:05:00.865-0900][gc,heap      ] GC(7) Eden regions: 47->0(47)
[2020-10-30T07:05:00.865-0900][gc,heap      ] GC(7) Survivor regions: 4->4(7)
[2020-10-30T07:05:00.865-0900][gc,heap      ] GC(7) Old regions: 11->11
[2020-10-30T07:05:00.865-0900][gc,heap      ] GC(7) Archive regions: 2->2
[2020-10-30T07:05:00.865-0900][gc,heap      ] GC(7) Humongous regions: 129->129
[2020-10-30T07:05:00.865-0900][gc,metaspace ] GC(7) Metaspace: 39220K(41500K)->39220K(41500K) NonClass: 34343K(35584K)->34343K(35584K) Class: 4876K(5916K)->4876K(5916K)
[2020-10-30T07:05:00.865-0900][gc           ] GC(7) Pause Young (Normal) (G1 Evacuation Pause) 191M->143M(1024M) 58.231ms
[2020-10-30T07:05:00.866-0900][gc,cpu       ] GC(7) User=0.03s Sys=0.07s Real=0.06s
[2020-10-30T07:25:10.205-0900][gc,start     ] GC(8) Pause Young (Normal) (G1 Evacuation Pause)
[2020-10-30T07:25:10.205-0900][gc,task      ] GC(8) Using 4 workers of 4 for evacuation
[2020-10-30T07:25:10.241-0900][gc,mmu       ] GC(8) MMU target violated: 21.0ms (20.0ms/21.0ms)
[2020-10-30T07:25:10.241-0900][gc,phases    ] GC(8)   Pre Evacuate Collection Set: 4.3ms
[2020-10-30T07:25:10.241-0900][gc,phases    ] GC(8)   Merge Heap Roots: 0.2ms
[2020-10-30T07:25:10.241-0900][gc,phases    ] GC(8)   Evacuate Collection Set: 28.8ms
[2020-10-30T07:25:10.241-0900][gc,phases    ] GC(8)   Post Evacuate Collection Set: 3.1ms
[2020-10-30T07:25:10.241-0900][gc,phases    ] GC(8)   Other: 0.6ms
[2020-10-30T07:25:10.242-0900][gc,heap      ] GC(8) Eden regions: 47->0(46)
[2020-10-30T07:25:10.242-0900][gc,heap      ] GC(8) Survivor regions: 4->5(7)
[2020-10-30T07:25:10.242-0900][gc,heap      ] GC(8) Old regions: 11->11
[2020-10-30T07:25:10.242-0900][gc,heap      ] GC(8) Archive regions: 2->2
[2020-10-30T07:25:10.242-0900][gc,heap      ] GC(8) Humongous regions: 129->129
[2020-10-30T07:25:10.242-0900][gc,metaspace ] GC(8) Metaspace: 39832K(42140K)->39832K(42140K) NonClass: 34898K(36096K)->34898K(36096K) Class: 4934K(6044K)->4934K(6044K)
[2020-10-30T07:25:10.242-0900][gc           ] GC(8) Pause Young (Normal) (G1 Evacuation Pause) 190M->145M(1024M) 37.075ms
[2020-10-30T07:25:10.242-0900][gc,cpu       ] GC(8) User=0.04s Sys=0.07s Real=0.04s
[2020-10-30T07:34:43.217-0900][gc,start     ] GC(9) Pause Young (Normal) (G1 Evacuation Pause)
[2020-10-30T07:34:43.217-0900][gc,task      ] GC(9) Using 4 workers of 4 for evacuation
[2020-10-30T07:34:43.240-0900][gc,mmu       ] GC(9) MMU target violated: 21.0ms (20.0ms/21.0ms)
[2020-10-30T07:34:43.240-0900][gc,phases    ] GC(9)   Pre Evacuate Collection Set: 4.1ms
[2020-10-30T07:34:43.240-0900][gc,phases    ] GC(9)   Merge Heap Roots: 0.2ms
[2020-10-30T07:34:43.240-0900][gc,phases    ] GC(9)   Evacuate Collection Set: 17.7ms
[2020-10-30T07:34:43.240-0900][gc,phases    ] GC(9)   Post Evacuate Collection Set: 0.7ms
[2020-10-30T07:34:43.240-0900][gc,phases    ] GC(9)   Other: 2.7ms
[2020-10-30T07:34:43.240-0900][gc,heap      ] GC(9) Eden regions: 46->0(48)
[2020-10-30T07:34:43.240-0900][gc,heap      ] GC(9) Survivor regions: 5->3(7)
[2020-10-30T07:34:43.240-0900][gc,heap      ] GC(9) Old regions: 11->14
[2020-10-30T07:34:43.240-0900][gc,heap      ] GC(9) Archive regions: 2->2
[2020-10-30T07:34:43.240-0900][gc,heap      ] GC(9) Humongous regions: 129->129
[2020-10-30T07:34:43.240-0900][gc,metaspace ] GC(9) Metaspace: 39948K(42140K)->39948K(42140K) NonClass: 35014K(36096K)->35014K(36096K) Class: 4934K(6044K)->4934K(6044K)
[2020-10-30T07:34:43.240-0900][gc           ] GC(9) Pause Young (Normal) (G1 Evacuation Pause) 191M->145M(1024M) 23.450ms
[2020-10-30T07:34:43.240-0900][gc,cpu       ] GC(9) User=0.03s Sys=0.05s Real=0.03s
[2020-10-30T07:45:00.918-0900][gc,start     ] GC(10) Pause Young (Normal) (G1 Evacuation Pause)
[2020-10-30T07:45:00.918-0900][gc,task      ] GC(10) Using 4 workers of 4 for evacuation
[2020-10-30T07:45:00.939-0900][gc,mmu       ] GC(10) MMU target violated: 20.9ms (20.0ms/21.0ms)
[2020-10-30T07:45:00.939-0900][gc,phases    ] GC(10)   Pre Evacuate Collection Set: 4.6ms
[2020-10-30T07:45:00.939-0900][gc,phases    ] GC(10)   Merge Heap Roots: 0.4ms
[2020-10-30T07:45:00.939-0900][gc,phases    ] GC(10)   Evacuate Collection Set: 15.3ms
[2020-10-30T07:45:00.939-0900][gc,phases    ] GC(10)   Post Evacuate Collection Set: 0.6ms
[2020-10-30T07:45:00.939-0900][gc,phases    ] GC(10)   Other: 0.4ms
[2020-10-30T07:45:00.939-0900][gc,heap      ] GC(10) Eden regions: 48->0(48)
[2020-10-30T07:45:00.939-0900][gc,heap      ] GC(10) Survivor regions: 3->3(7)
[2020-10-30T07:45:00.939-0900][gc,heap      ] GC(10) Old regions: 14->14
[2020-10-30T07:45:00.940-0900][gc,heap      ] GC(10) Archive regions: 2->2
[2020-10-30T07:45:00.940-0900][gc,heap      ] GC(10) Humongous regions: 129->129
[2020-10-30T07:45:00.940-0900][gc,metaspace ] GC(10) Metaspace: 40023K(42140K)->40023K(42140K) NonClass: 35082K(36096K)->35082K(36096K) Class: 4940K(6044K)->4940K(6044K)
[2020-10-30T07:45:00.940-0900][gc           ] GC(10) Pause Young (Normal) (G1 Evacuation Pause) 193M->145M(1024M) 21.782ms
[2020-10-30T07:45:00.940-0900][gc,cpu       ] GC(10) User=0.02s Sys=0.04s Real=0.03s
[2020-10-30T07:55:15.051-0900][gc,start     ] GC(11) Pause Young (Normal) (G1 Evacuation Pause)
[2020-10-30T07:55:15.051-0900][gc,task      ] GC(11) Using 4 workers of 4 for evacuation
[2020-10-30T07:55:15.074-0900][gc,mmu       ] GC(11) MMU target violated: 21.0ms (20.0ms/21.0ms)
[2020-10-30T07:55:15.074-0900][gc,phases    ] GC(11)   Pre Evacuate Collection Set: 1.4ms
[2020-10-30T07:55:15.074-0900][gc,phases    ] GC(11)   Merge Heap Roots: 0.1ms
[2020-10-30T07:55:15.074-0900][gc,phases    ] GC(11)   Evacuate Collection Set: 18.2ms
[2020-10-30T07:55:15.074-0900][gc,phases    ] GC(11)   Post Evacuate Collection Set: 2.5ms
[2020-10-30T07:55:15.074-0900][gc,phases    ] GC(11)   Other: 0.7ms
[2020-10-30T07:55:15.074-0900][gc,heap      ] GC(11) Eden regions: 48->0(48)
[2020-10-30T07:55:15.074-0900][gc,heap      ] GC(11) Survivor regions: 3->3(7)
[2020-10-30T07:55:15.074-0900][gc,heap      ] GC(11) Old regions: 14->14
[2020-10-30T07:55:15.074-0900][gc,heap      ] GC(11) Archive regions: 2->2
[2020-10-30T07:55:15.074-0900][gc,heap      ] GC(11) Humongous regions: 129->129
[2020-10-30T07:55:15.074-0900][gc,metaspace ] GC(11) Metaspace: 40051K(42396K)->40051K(42396K) NonClass: 35110K(36352K)->35110K(36352K) Class: 4940K(6044K)->4940K(6044K)
[2020-10-30T07:55:15.074-0900][gc           ] GC(11) Pause Young (Normal) (G1 Evacuation Pause) 193M->145M(1024M) 23.400ms
[2020-10-30T07:55:15.075-0900][gc,cpu       ] GC(11) User=0.03s Sys=0.03s Real=0.02s
[2020-10-30T08:05:12.438-0900][gc,start     ] GC(12) Pause Young (Normal) (G1 Evacuation Pause)
[2020-10-30T08:05:12.439-0900][gc,task      ] GC(12) Using 4 workers of 4 for evacuation
[2020-10-30T08:05:12.474-0900][gc,mmu       ] GC(12) MMU target violated: 21.0ms (20.0ms/21.0ms)
[2020-10-30T08:05:12.474-0900][gc,phases    ] GC(12)   Pre Evacuate Collection Set: 5.4ms
[2020-10-30T08:05:12.474-0900][gc,phases    ] GC(12)   Merge Heap Roots: 0.8ms
[2020-10-30T08:05:12.474-0900][gc,phases    ] GC(12)   Evacuate Collection Set: 27.0ms
[2020-10-30T08:05:12.474-0900][gc,phases    ] GC(12)   Post Evacuate Collection Set: 1.8ms
[2020-10-30T08:05:12.474-0900][gc,phases    ] GC(12)   Other: 2.8ms
[2020-10-30T08:05:12.474-0900][gc,heap      ] GC(12) Eden regions: 48->0(48)
[2020-10-30T08:05:12.474-0900][gc,heap      ] GC(12) Survivor regions: 3->3(7)
[2020-10-30T08:05:12.474-0900][gc,heap      ] GC(12) Old regions: 14->14
[2020-10-30T08:05:12.474-0900][gc,heap      ] GC(12) Archive regions: 2->2
[2020-10-30T08:05:12.474-0900][gc,heap      ] GC(12) Humongous regions: 129->129
[2020-10-30T08:05:12.474-0900][gc,metaspace ] GC(12) Metaspace: 40113K(42396K)->40113K(42396K) NonClass: 35172K(36352K)->35172K(36352K) Class: 4940K(6044K)->4940K(6044K)
[2020-10-30T08:05:12.474-0900][gc           ] GC(12) Pause Young (Normal) (G1 Evacuation Pause) 193M->145M(1024M) 35.747ms
[2020-10-30T08:05:12.474-0900][gc,cpu       ] GC(12) User=0.02s Sys=0.07s Real=0.04s
[2020-10-30T08:15:22.009-0900][gc,start     ] GC(13) Pause Young (Normal) (G1 Evacuation Pause)
[2020-10-30T08:15:22.009-0900][gc,task      ] GC(13) Using 4 workers of 4 for evacuation
[2020-10-30T08:15:22.025-0900][gc,phases    ] GC(13)   Pre Evacuate Collection Set: 4.8ms
[2020-10-30T08:15:22.025-0900][gc,phases    ] GC(13)   Merge Heap Roots: 0.2ms
[2020-10-30T08:15:22.025-0900][gc,phases    ] GC(13)   Evacuate Collection Set: 9.8ms
[2020-10-30T08:15:22.025-0900][gc,phases    ] GC(13)   Post Evacuate Collection Set: 0.8ms
[2020-10-30T08:15:22.025-0900][gc,phases    ] GC(13)   Other: 0.4ms
[2020-10-30T08:15:22.025-0900][gc,heap      ] GC(13) Eden regions: 48->0(48)
[2020-10-30T08:15:22.026-0900][gc,heap      ] GC(13) Survivor regions: 3->3(7)
[2020-10-30T08:15:22.026-0900][gc,heap      ] GC(13) Old regions: 14->14
[2020-10-30T08:15:22.026-0900][gc,heap      ] GC(13) Archive regions: 2->2
[2020-10-30T08:15:22.026-0900][gc,heap      ] GC(13) Humongous regions: 129->129
[2020-10-30T08:15:22.026-0900][gc,metaspace ] GC(13) Metaspace: 40125K(42396K)->40125K(42396K) NonClass: 35184K(36352K)->35184K(36352K) Class: 4940K(6044K)->4940K(6044K)
[2020-10-30T08:15:22.026-0900][gc           ] GC(13) Pause Young (Normal) (G1 Evacuation Pause) 193M->145M(1024M) 16.656ms
[2020-10-30T08:15:22.026-0900][gc,cpu       ] GC(13) User=0.02s Sys=0.03s Real=0.02s
[2020-10-30T08:25:05.645-0900][gc,start     ] GC(14) Pause Young (Normal) (G1 Evacuation Pause)
[2020-10-30T08:25:05.646-0900][gc,task      ] GC(14) Using 4 workers of 4 for evacuation
[2020-10-30T08:25:05.662-0900][gc,phases    ] GC(14)   Pre Evacuate Collection Set: 2.6ms
[2020-10-30T08:25:05.662-0900][gc,phases    ] GC(14)   Merge Heap Roots: 0.2ms
[2020-10-30T08:25:05.662-0900][gc,phases    ] GC(14)   Evacuate Collection Set: 12.5ms
[2020-10-30T08:25:05.662-0900][gc,phases    ] GC(14)   Post Evacuate Collection Set: 1.0ms
[2020-10-30T08:25:05.662-0900][gc,phases    ] GC(14)   Other: 0.8ms
[2020-10-30T08:25:05.662-0900][gc,heap      ] GC(14) Eden regions: 48->0(48)
[2020-10-30T08:25:05.662-0900][gc,heap      ] GC(14) Survivor regions: 3->3(7)
[2020-10-30T08:25:05.662-0900][gc,heap      ] GC(14) Old regions: 14->14
[2020-10-30T08:25:05.662-0900][gc,heap      ] GC(14) Archive regions: 2->2
[2020-10-30T08:25:05.662-0900][gc,heap      ] GC(14) Humongous regions: 129->129
[2020-10-30T08:25:05.662-0900][gc,metaspace ] GC(14) Metaspace: 40193K(42396K)->40193K(42396K) NonClass: 35252K(36352K)->35252K(36352K) Class: 4940K(6044K)->4940K(6044K)
[2020-10-30T08:25:05.662-0900][gc           ] GC(14) Pause Young (Normal) (G1 Evacuation Pause) 193M->145M(1024M) 17.394ms
[2020-10-30T08:25:05.663-0900][gc,cpu       ] GC(14) User=0.02s Sys=0.03s Real=0.02s
